b[0]@1 = 1
b[0]@2@1 = 1.1
b[0]@2@2@1 = 2.1
b[0]@2@2@2 = 2
b[0]@2@3 = heh
b[0]@3 = heh
b[1]@1 = 2
b[1]@2@1 = 2.1
b[1]@2@2@1 = 4.2
b[1]@2@2@2 = 4
b[1]@2@3 = heh
b[1]@3 = heh
b[2]@1 = 3
b[2]@2@1 = 3.1
b[2]@2@2@1 = 6.3
b[2]@2@2@2 = 6
b[2]@2@3 = heh
b[2]@3 = heh
