6
6.2E1
string2
3.1
5.1
2.1
3.1
4.1
-4.2
-4.2
4.1
3.1
2.1
-4.2
6.05