7
7
69
70
70
68
-68
8
1
2.1
42
32768
1.1
2
42
36864
